// Jest Snapshot v1, https://goo.gl/fbAQLP

exports[`render Login component should render Login page component 1`] = `
<div>
  <h3>
    Login Page
  </h3>
  <Connect(Component) />
</div>
`;
