// Jest Snapshot v1, https://goo.gl/fbAQLP

exports[`render Register component should render Register page component 1`] = `
<div>
  <h3>
    Register Page
  </h3>
  <Connect(Component) />
</div>
`;
