// Jest Snapshot v1, https://goo.gl/fbAQLP

exports[`render Secret component should render Secret page component 1`] = `
<div>
  <h3>
    Secret Page
  </h3>
</div>
`;
